<html>
<body>
<pre>
<h1>µVision Build Log</h1>
<h2>Tool Versions:</h2>
IDE-Version: ¦ÌVision V5.21.1.0
Copyright (C) 2016 ARM Ltd and ARM Germany GmbH. All rights reserved.
License Information: da mon, asd, LIC=9WSKC-7APNS-DY3V3-AIW3J-K3DTL-70MCB
 
Tool Versions:
Toolchain:       MDK-ARM Plus  Version: 5.21a
Toolchain Path:  C:\Keil_v5\ARM\ARMCC\Bin
C Compiler:      Armcc.exe V5.06 update 3 (build 300)
Assembler:       Armasm.exe V5.06 update 3 (build 300)
Linker/Locator:  ArmLink.exe V5.06 update 3 (build 300)
Library Manager: ArmAr.exe V5.06 update 3 (build 300)
Hex Converter:   FromElf.exe V5.06 update 3 (build 300)
CPU DLL:         SARMCM3.DLL V5.21a
Dialog DLL:      DARMSTM.DLL V1.66.0.1
Target DLL:      STLink\ST-LINKIII-KEIL_SWO.dll V2.0.18.0
Dialog DLL:      TARMSTM.DLL V1.65.0.0
 
<h2>Project:</h2>
D:\ximenxiaolanggou\iot\step_2_stm32\stm32_demo\demo_19_spi_MAX6675\USER\LCD.uvprojx
Project File Date:  07/13/2022

<h2>Output:</h2>
*** Using Compiler 'V5.06 update 3 (build 300)', folder: 'C:\Keil_v5\ARM\ARMCC\Bin'
Build target 'Target 1'
compiling max6675.c...
..\HARDWARE\MAX6675\max6675.c(36): warning:  #1-D: last line of file ends without a newline
  }
..\HARDWARE\MAX6675\max6675.c: 1 warning, 0 errors
compiling main.c...
linking...
Program Size: Code=27744 RO-data=6652 RW-data=56 ZI-data=1864  
FromELF: creating hex file...
"..\OBJ\LCD.axf" - 0 Error(s), 1 Warning(s).

<h2>Collection of Component include folders:</h2>
  D:\ximenxiaolanggou\iot\step_2_stm32\stm32_demo\demo_19_spi_MAX6675\USER\RTE
  C:\Keil_v5\ARM\PACK\Keil\STM32F1xx_DFP\2.2.0\Device\Include

<h2>Collection of Component Files used:</h2>
Build Time Elapsed:  00:00:04
</pre>
</body>
</html>
