C51 COMPILER V9.54   ESP8266                                                               06/17/2022 18:02:41 PAGE 1   


C51 COMPILER V9.54, COMPILATION OF MODULE ESP8266
OBJECT MODULE PLACED IN .\Objects\esp8266.obj
COMPILER INVOKED BY: C:\Keil_v5_51\C51\BIN\C51.EXE esp8266\esp8266.c COMPACT OPTIMIZE(8,SPEED) BROWSE INCDIR(.\uart;.\es
                    -p8266;.\DELAY;.\LCD) DEBUG OBJECTEXTEND PRINT(.\Listings\esp8266.lst) TABS(3) OBJECT(.\Objects\esp8266.obj)

line level    source

   1          #include <REGX52.H>
   2          #include "esp8266.h"
   3          #include "uart.h"
   4          #include "delay.h"
   5          #include <string.h>
   6          
   7          
   8          char AT_CIPMUX[] = "AT+CIPMUX=1\r\n";
   9          char AT_CWJAP[] = "AT+CWJAP=\"prinfo-708\",\"prinfo666\"\r\n";
  10          char AT_CIPSTART[] = "AT+CIPSTART=1,\"TCP\",\"192.168.2.31\",11111\r\n";
  11          
  12          // TCP客户端初始化
  13          void Esp8266_Init_Tcp_Client(void)
  14          {
  15   1      
  16   1         USART_SendString(AT_CIPMUX);
  17   1         delay(100); // 100ms
  18   1         USART_SendString(AT_CIPSTART);
  19   1         delay(100); // 100ms
  20   1      }
  21          
  22          // 8266 发送命令
  23          void Esp8266_Send_Command(char *cmd,char ack,int waittime)
  24          {
  25   1      
  26   1      }
*** WARNING C280 IN LINE 23 OF esp8266\esp8266.c: 'cmd': unreferenced local variable
*** WARNING C280 IN LINE 23 OF esp8266\esp8266.c: 'ack': unreferenced local variable
*** WARNING C280 IN LINE 23 OF esp8266\esp8266.c: 'waittime': unreferenced local variable
  27          
  28          // TCP客户端链接
  29          void Esp8266_TCP_CLIENT_CONNECT(void)
  30          {
  31   1         USART_SendString(AT_CIPSTART);
  32   1         delay(10);
  33   1      }
  34          
  35          // 多连接
  36          void Esp8266_CIPMUX(void)
  37          {
  38   1         USART_SendString(AT_CIPMUX);
  39   1         delay(10);
  40   1      }
  41          
  42          
  43          // 发送数据 数据被$$包含
  44          void Esp8266_SendData(char *Data){
  45   1         char *AtData = "AT+CIPSEND=$";
  46   1         strcat(AtData,Data);
  47   1         strcat(AtData,"$");
  48   1         USART_SendString(AtData);
  49   1      }


C51 COMPILER V9.54   ESP8266                                                               06/17/2022 18:02:41 PAGE 2   

MODULE INFORMATION:   STATIC OVERLAYABLE
   CODE SIZE        =    164    ----
   CONSTANT SIZE    =     15    ----
   XDATA SIZE       =   ----    ----
   PDATA SIZE       =     93      12
   DATA SIZE        =   ----    ----
   IDATA SIZE       =   ----    ----
   BIT SIZE         =   ----    ----
END OF MODULE INFORMATION.


C51 COMPILATION COMPLETE.  3 WARNING(S),  0 ERROR(S)
