C51 COMPILER V9.54   MAIN                                                                  06/24/2022 18:26:05 PAGE 1   


C51 COMPILER V9.54, COMPILATION OF MODULE MAIN
OBJECT MODULE PLACED IN .\Objects\main.obj
COMPILER INVOKED BY: C:\Keil_v5_51\C51\BIN\C51.EXE main.c COMPACT OPTIMIZE(8,SPEED) BROWSE INCDIR(.\uart;.\esp8266;.\DEL
                    -AY;.\LCD;.\mqtt;.\timer0;.\DS18B20;.\OneWire) DEBUG OBJECTEXTEND PRINT(.\Listings\main.lst) TABS(3) OBJECT(.\Objects\mai
                    -n.obj)

line level    source

   1          #include <REGX52.H>
   2          #include <string.h>
   3          #include <stdio.h>
   4          #include "LCD1602.h"
   5          #include "uart.h"
   6          #include "esp8266.h"
   7          #include "delay.h"
   8          #include "mqtt.h"
   9          #include "timer_0.h"
  10          #include "DS18B20.h"
  11          
  12          int index = 0;
  13          int clear = 0;
  14          
  15          
  16          /*
  17          10                        //固定头           
  18          20                      //代表数据长度
  19          00 06                      // 数据协议字节长度
  20          4D 51 49 73 64 70          // MQIsdp
  21          03                         // 版本号 5 
  22          C2                         //连接标志
  23          01 2C                                  //活动时间300s
  24          00 04                      //客户端长度 5
  25          74 65 73 74          // 客户端ID用户名对应16进制
  26          00 05                      // 服务器用户名长度5
  27          77 6F 67 75 61       //用户名对应16进制
  28          00 05                      // 服务器密码长度5
  29          77 6F 67 75 61             //服务器密码对应16进制
  30          
  31          10 20 00 06 4D 51 49 73 64 70 03 C2 01 2C 00 04 74 65 73 74 00 05 77 6F 67 75 61 00 05 77 6F 67 75 61
  32          10 20 00 06 4D 51 49 73 64 70 03 C2 01 2C 00 04 74 65 73 74 00 05 77 6F 67 75 61 00 05 77 6F 67 75 61
  33          82 15 00 01 00 10 4E 4A 55 53 54 5A 4A 2F 4C 49 53 2F 72 78 30 31 00 // 订阅
  34          
  35          C0 00 // 发送心跳
  36          
  37          30 1D 00 10 4E 4A 55 53 54 5A 4A 2F 4C 49 53 2F 74 78 30 31 68 65 6C 6C 6F 20 77 6F 6C 64 21 // 发布
  38          */
  39          
  40          void main()
  41          {
  42   1         
  43   1         LCD_Init();
  44   1         Timer0_Init();
  45   1         Uart_Init();
  46   1         DS18B20_ConvertT();
  47   1         Esp8266_Init_Tcp_Client();
  48   1         while(1)
  49   1         {
  50   2            DS18B20_ConvertT();
  51   2            if(CONNECTED_READY)
  52   2            {
  53   3               P2_0 = 0;
C51 COMPILER V9.54   MAIN                                                                  06/24/2022 18:26:05 PAGE 2   

  54   3            }
  55   2         }
  56   1      
  57   1      }
  58          
  59          
  60          void usart() interrupt 4
  61          {
  62   1         static char package[20] = ""; //数据包
  63   1         static char package_index = 0; // 数据包索引
  64   1         static char package_data[10] = ""; //数据包
  65   1         static char topic[10] = ""; //topic
  66   1         static char topic_package[2] = ""; // topic长度数据包
  67   1         static char topic_len = 0; // topic长度
  68   1         static char *p;
  69   1         static int i;
  70   1         if(RI == 1) // 接收中断
  71   1         {
  72   2            if(SBUF == 0x30){ // MQTT数据报文 - 固定报文
  73   3               package[20] = "";
*** WARNING C260 IN LINE 73 OF main.c: '=': pointer truncation
  74   3               package_index = 0;
  75   3               package[package_index++] = 0x30;
  76   3            
  77   3            }else if(package_index == 1) { // 剩余数据长度
  78   3               P2_2 = !P2_2;
  79   3               package[package_index++] = SBUF;
  80   3               
  81   3            }else if((package[1] + 1) > package_index){
  82   3               package[package_index++] = SBUF;
  83   3               
  84   3            }else if((package[1] + 1) == package_index){ // 数据包采集完成
  85   3                  P2_3 = !P2_3;
  86   3               for(i = 0 ; i < 15 ; i++){
  87   4               USART_SendByte(package[i]);
  88   4               }
  89   3            }
  90   2            
  91   2            //
  92   2            RI = 0;
  93   2         
  94   2         }
  95   1      }
*** WARNING C280 IN LINE 64 OF main.c: 'package_data': unreferenced local variable
*** WARNING C280 IN LINE 65 OF main.c: 'topic': unreferenced local variable
*** WARNING C280 IN LINE 66 OF main.c: 'topic_package': unreferenced local variable
*** WARNING C280 IN LINE 67 OF main.c: 'topic_len': unreferenced local variable
*** WARNING C280 IN LINE 68 OF main.c: 'p': unreferenced local variable


MODULE INFORMATION:   STATIC OVERLAYABLE
   CODE SIZE        =    237    ----
   CONSTANT SIZE    =      1    ----
   XDATA SIZE       =   ----    ----
   PDATA SIZE       =     53    ----
   DATA SIZE        =   ----    ----
   IDATA SIZE       =   ----    ----
   BIT SIZE         =   ----    ----
END OF MODULE INFORMATION.


C51 COMPILATION COMPLETE.  6 WARNING(S),  0 ERROR(S)
