C51 COMPILER V9.54   TIMER_0                                                               06/22/2022 18:22:41 PAGE 1   


C51 COMPILER V9.54, COMPILATION OF MODULE TIMER_0
OBJECT MODULE PLACED IN .\Objects\timer_0.obj
COMPILER INVOKED BY: C:\Keil_v5_51\C51\BIN\C51.EXE timer0\timer_0.c LARGE OPTIMIZE(8,SPEED) BROWSE INCDIR(.\uart;.\esp82
                    -66;.\DELAY;.\LCD;.\mqtt;.\timer0;.\OneWire;.\DS18B20) DEBUG OBJECTEXTEND PRINT(.\Listings\timer_0.lst) TABS(3) OBJECT(.\
                    -Objects\timer_0.obj)

line level    source

   1          #include <REGX52.H>
   2          #include "timer_0.h"
*** WARNING C318 IN LINE 2 OF timer0\timer_0.c: can't open file 'timer_0.h'
   3          #include "uart.h"
   4          #include "mqtt.h"
   5          #include "DS18B20.h"
   6          #include <string.h>
   7          #include <stdio.h>
   8          float Temp;
   9          char tBuf[6];
  10          static int num = 0;
  11          
  12          char heart[] = {0xC0,0x00};
  13          
  14          // 初始化
  15          void Timer0_Init(){
  16   1         TMOD |= 0x01; 
  17   1         TH0 = 0xfc;
  18   1         TL0 = 0x66;
  19   1         EA = 1;
  20   1         ET0 = 1;
  21   1         TR0 = 0;
  22   1      }
  23          
  24          
  25          
  26          void timer0() interrupt 1
  27          {
  28   1         static int count = 0;
  29   1         TH0 = 0xfc;
  30   1         TL0 = 0x18;
  31   1         count++;
  32   1         if((count % 10000) == 0){ // 10秒发送一次数据
  33   2            Temp = DS18B20_ReadT();
  34   2            sprintf(tBuf,"%.2f",Temp);
  35   2            MQTT_Pub("temp",tBuf);
  36   2            P2_2 = !P2_2;
  37   2         
  38   2         }
  39   1         if(count == 30000) // 30秒一次心跳
  40   1         {
  41   2            count = 0;
  42   2            P2_1 = !P2_1;
  43   2            USART_SendByte(heart[0]);
  44   2            USART_SendByte(heart[1]);
  45   2            num++;
  46   2         }
  47   1         
  48   1         
  49   1      }


MODULE INFORMATION:   STATIC OVERLAYABLE
C51 COMPILER V9.54   TIMER_0                                                               06/22/2022 18:22:41 PAGE 2   

   CODE SIZE        =    239    ----
   CONSTANT SIZE    =     10    ----
   XDATA SIZE       =     16    ----
   PDATA SIZE       =   ----    ----
   DATA SIZE        =   ----    ----
   IDATA SIZE       =   ----    ----
   BIT SIZE         =   ----    ----
END OF MODULE INFORMATION.


C51 COMPILATION COMPLETE.  1 WARNING(S),  0 ERROR(S)
