<html>
<body>
<pre>
<h1>µVision Build Log</h1>
<h2>Tool Versions:</h2>
IDE-Version: ¦ÌVision V5.21.1.0
Copyright (C) 2016 ARM Ltd and ARM Germany GmbH. All rights reserved.
License Information: damon cai, da, LIC=ATTQ1-CZVUB-9UW4U-S9IIP-4QU63-ZH0MH
 
Tool Versions:
Toolchain:       MDK-ARM Plus  Version: 5.21a
Toolchain Path:  C:\soft\mdk5\ARM\ARMCC\Bin
C Compiler:      Armcc.exe V5.06 update 3 (build 300)
Assembler:       Armasm.exe V5.06 update 3 (build 300)
Linker/Locator:  ArmLink.exe V5.06 update 3 (build 300)
Library Manager: ArmAr.exe V5.06 update 3 (build 300)
Hex Converter:   FromElf.exe V5.06 update 3 (build 300)
CPU DLL:         SARMCM3.DLL V5.21a
Dialog DLL:      DARMSTM.DLL V1.66.0.1
Target DLL:      STLink\ST-LINKIII-KEIL_SWO.dll V2.0.18.0
Dialog DLL:      TARMSTM.DLL V1.65.0.0
 
<h2>Project:</h2>
D:\A_ximenxiaolanggou\MyGitHub\iot\step_2_stm32\stm32_demo\demo_17_iic_AT24C02\USER\LCD.uvprojx
Project File Date:  07/06/2022

<h2>Output:</h2>
*** Using Compiler 'V5.06 update 3 (build 300)', folder: 'C:\soft\mdk5\ARM\ARMCC\Bin'
Build target 'Target 1'
compiling at24c02.c...
..\HARDWARE\IIC\iic.h(32): warning:  #1295-D: Deprecated declaration IIC_Wait_Ack - give arg types
  u8 IIC_Wait_Ack();
..\HARDWARE\IIC\iic.h(38): warning:  #1295-D: Deprecated declaration IIC_NAck - give arg types
  void IIC_NAck();
..\HARDWARE\IIC\iic.h(44): warning:  #1295-D: Deprecated declaration IIC_Read_Byte - give arg types
  u8 IIC_Read_Byte();
..\HARDWARE\IIC_AT24C02\at24c02.c: 3 warnings, 0 errors
compiling main.c...
compiling iic.c...
..\HARDWARE\IIC\iic.h(32): warning:  #1295-D: Deprecated declaration IIC_Wait_Ack - give arg types
  u8 IIC_Wait_Ack();
..\HARDWARE\IIC\iic.h(38): warning:  #1295-D: Deprecated declaration IIC_NAck - give arg types
  void IIC_NAck();
..\HARDWARE\IIC\iic.h(44): warning:  #1295-D: Deprecated declaration IIC_Read_Byte - give arg types
  u8 IIC_Read_Byte();
..\HARDWARE\IIC\iic.c: 3 warnings, 0 errors
linking...
Program Size: Code=23100 RO-data=6456 RW-data=64 ZI-data=1848  
FromELF: creating hex file...
"..\OBJ\LCD.axf" - 0 Error(s), 6 Warning(s).

<h2>Collection of Component include folders:</h2>
  D:\A_ximenxiaolanggou\MyGitHub\iot\step_2_stm32\stm32_demo\demo_17_iic_AT24C02\USER\RTE
  C:\soft\mdk5\ARM\PACK\Keil\STM32F1xx_DFP\2.2.0\Device\Include

<h2>Collection of Component Files used:</h2>
Build Time Elapsed:  00:00:02
</pre>
</body>
</html>
